[root-of-the-server]__0a46983d._.js: Insufficient text extracted from: [root-of-the-server]__0a46983d._.js (only 0 chars)
[turbopack]_runtime.js: Insufficient text extracted from: [turbopack]_runtime.js (only 0 chars)
page_client-reference-manifest.js: Insufficient text extracted from: page_client-reference-manifest.js (only 0 chars)
page_client-reference-manifest.js: Insufficient text extracted from: page_client-reference-manifest.js (only 0 chars)
node_modules_next_229848ed._.js: Insufficient text extracted from: node_modules_next_229848ed._.js (only 0 chars)
[root-of-the-server]__4dffccd0._.js: Insufficient text extracted from: [root-of-the-server]__4dffccd0._.js (only 0 chars)
page.js: Insufficient text extracted from: page.js (only 0 chars)
page.js: Insufficient text extracted from: page.js (only 0 chars)
[root-of-the-server]__6302eb5e._.js: Insufficient text extracted from: [root-of-the-server]__6302eb5e._.js (only 0 chars)
[root-of-the-server]__48b32c58._.js: Insufficient text extracted from: [root-of-the-server]__48b32c58._.js (only 0 chars)
[root-of-the-server]__4c58c055._.js: Insufficient text extracted from: [root-of-the-server]__4c58c055._.js (only 0 chars)
route.js: Insufficient text extracted from: route.js (only 0 chars)
[root-of-the-server]__c75c51b7._.js: Insufficient text extracted from: [root-of-the-server]__c75c51b7._.js (only 0 chars)
[root-of-the-server]__86e7898f._.js: Insufficient text extracted from: [root-of-the-server]__86e7898f._.js (only 0 chars)
node_modules_96715ba7._.js: Insufficient text extracted from: node_modules_96715ba7._.js (only 0 chars)
[turbopack]_runtime.js: Insufficient text extracted from: [turbopack]_runtime.js (only 0 chars)
node_modules_ad3e0e0e._.js: Insufficient text extracted from: node_modules_ad3e0e0e._.js (only 0 chars)
_5f904819._.js: Insufficient text extracted from: _5f904819._.js (only 0 chars)
_2766182a._.js: Insufficient text extracted from: _2766182a._.js (only 0 chars)
node_modules_next_dist_client_components_forbidden-error_ea7ea172.js: Insufficient text extracted from: node_modules_next_dist_client_components_forbidden-error_ea7ea172.js (only 0 chars)
node_modules_next_9babd674._.js: Insufficient text extracted from: node_modules_next_9babd674._.js (only 0 chars)
src_app_a4430781._.js: Insufficient text extracted from: src_app_a4430781._.js (only 0 chars)
node_modules_next_dist_client_components_unauthorized-error_c8949b27.js: Insufficient text extracted from: node_modules_next_dist_client_components_unauthorized-error_c8949b27.js (only 0 chars)
interception-route-rewrite-manifest.js: Insufficient text extracted from: interception-route-rewrite-manifest.js (only 0 chars)
middleware-build-manifest.js: Insufficient text extracted from: middleware-build-manifest.js (only 0 chars)
node_modules_1ff73b2c._.js: Insufficient text extracted from: node_modules_1ff73b2c._.js (only 0 chars)
next-font-manifest.js: Insufficient text extracted from: next-font-manifest.js (only 0 chars)
node_modules_cf8126d0._.js: Insufficient text extracted from: node_modules_cf8126d0._.js (only 0 chars)
node_modules_b3e9bf43._.js: Insufficient text extracted from: node_modules_b3e9bf43._.js (only 0 chars)
[root-of-the-server]__deb9c0fd._.js: Insufficient text extracted from: [root-of-the-server]__deb9c0fd._.js (only 0 chars)
_app.js: Insufficient text extracted from: _app.js (only 0 chars)
_document.js: Insufficient text extracted from: _document.js (only 0 chars)
_error.js: Insufficient text extracted from: _error.js (only 0 chars)
node_modules_bf671b14._.js: Insufficient text extracted from: node_modules_bf671b14._.js (only 0 chars)
server-reference-manifest.js: Insufficient text extracted from: server-reference-manifest.js (only 0 chars)
node_modules_bd81dcda._.js: Insufficient text extracted from: node_modules_bd81dcda._.js (only 0 chars)
[root-of-the-server]__49fd8634._.js: Insufficient text extracted from: [root-of-the-server]__49fd8634._.js (only 0 chars)
node_modules_84bfc1e5._.js: Insufficient text extracted from: node_modules_84bfc1e5._.js (only 0 chars)
[turbopack]_browser_dev_hmr-client_hmr-client_ts_fd44f5a4._.js: Insufficient text extracted from: [turbopack]_browser_dev_hmr-client_hmr-client_ts_fd44f5a4._.js (only 0 chars)
_e69f0d32._.js: Insufficient text extracted from: _e69f0d32._.js (only 0 chars)
[turbopack]_browser_dev_hmr-client_hmr-client_ts_66796270._.js: Insufficient text extracted from: [turbopack]_browser_dev_hmr-client_hmr-client_ts_66796270._.js (only 0 chars)
[turbopack]_browser_dev_hmr-client_hmr-client_ts_61dcf9ba._.js: Insufficient text extracted from: [turbopack]_browser_dev_hmr-client_hmr-client_ts_61dcf9ba._.js (only 0 chars)
[root-of-the-server]__923cb372._.js: Insufficient text extracted from: [root-of-the-server]__923cb372._.js (only 0 chars)
_93808211._.js: Insufficient text extracted from: _93808211._.js (only 0 chars)
node_modules_@swc_helpers_cjs_00636ac3._.js: Insufficient text extracted from: node_modules_@swc_helpers_cjs_00636ac3._.js (only 0 chars)
node_modules_14cc9462._.js: Insufficient text extracted from: node_modules_14cc9462._.js (only 0 chars)
node_modules_1fded51a._.js: Insufficient text extracted from: node_modules_1fded51a._.js (only 0 chars)
node_modules_next_dist_1a6ee436._.js: Insufficient text extracted from: node_modules_next_dist_1a6ee436._.js (only 0 chars)
[root-of-the-server]__ec07ee34._.js: Insufficient text extracted from: [root-of-the-server]__ec07ee34._.js (only 0 chars)
node_modules_a51498a5._.js: Insufficient text extracted from: node_modules_a51498a5._.js (only 0 chars)
node_modules_react-force-graph-2d_dist_react-force-graph-2d_mjs_1608e3cd._.js: Insufficient text extracted from: node_modules_react-force-graph-2d_dist_react-force-graph-2d_mjs_1608e3cd._.js (only 0 chars)
node_modules_react-force-graph-2d_dist_react-force-graph-2d_mjs_71342ed1._.js: Insufficient text extracted from: node_modules_react-force-graph-2d_dist_react-force-graph-2d_mjs_71342ed1._.js (only 0 chars)
node_modules_next_dist_2ecbf5fa._.js: Insufficient text extracted from: node_modules_next_dist_2ecbf5fa._.js (only 0 chars)
node_modules_react-force-graph-2d_dist_react-force-graph-2d_mjs_49168152._.js: Insufficient text extracted from: node_modules_react-force-graph-2d_dist_react-force-graph-2d_mjs_49168152._.js (only 0 chars)
node_modules_react-force-graph-2d_dist_react-force-graph-2d_mjs_115a298a._.js: Insufficient text extracted from: node_modules_react-force-graph-2d_dist_react-force-graph-2d_mjs_115a298a._.js (only 0 chars)
node_modules_react-force-graph-2d_dist_react-force-graph-2d_mjs_8ae15a9c._.js: Insufficient text extracted from: node_modules_react-force-graph-2d_dist_react-force-graph-2d_mjs_8ae15a9c._.js (only 0 chars)
node_modules_b9cc3fd0._.js: Insufficient text extracted from: node_modules_b9cc3fd0._.js (only 0 chars)
node_modules_70ce6586._.js: Insufficient text extracted from: node_modules_70ce6586._.js (only 0 chars)
_app.js: Insufficient text extracted from: _app.js (only 0 chars)
node_modules_react-force-graph-2d_dist_react-force-graph-2d_mjs_6bd76ef1._.js: Insufficient text extracted from: node_modules_react-force-graph-2d_dist_react-force-graph-2d_mjs_6bd76ef1._.js (only 0 chars)
node_modules_next_dist_build_polyfills_polyfill-nomodule.js: Insufficient text extracted from: node_modules_next_dist_build_polyfills_polyfill-nomodule.js (only 0 chars)
_error.js: Insufficient text extracted from: _error.js (only 0 chars)
node_modules_react-force-graph-2d_dist_react-force-graph-2d_mjs_c16851fa._.js: Insufficient text extracted from: node_modules_react-force-graph-2d_dist_react-force-graph-2d_mjs_c16851fa._.js (only 0 chars)
node_modules_react-force-graph-2d_dist_react-force-graph-2d_mjs_caa13667._.js: Insufficient text extracted from: node_modules_react-force-graph-2d_dist_react-force-graph-2d_mjs_caa13667._.js (only 0 chars)
pages__error_5771e187._.js: Insufficient text extracted from: pages__error_5771e187._.js (only 0 chars)
pages__app_5771e187._.js: Insufficient text extracted from: pages__app_5771e187._.js (only 0 chars)
pages__error_c5ed9705._.js: Insufficient text extracted from: pages__error_c5ed9705._.js (only 0 chars)
pages__app_049595de._.js: Insufficient text extracted from: pages__app_049595de._.js (only 0 chars)
src_app_favicon_ico_mjs_8a7a8fdc._.js: Insufficient text extracted from: src_app_favicon_ico_mjs_8a7a8fdc._.js (only 0 chars)
_ssgManifest.js: Insufficient text extracted from: _ssgManifest.js (only 0 chars)
src_app_layout_tsx_c0237562._.js: Insufficient text extracted from: src_app_layout_tsx_c0237562._.js (only 0 chars)
_buildManifest.js: Insufficient text extracted from: _buildManifest.js (only 0 chars)
next-env.d.ts: Insufficient text extracted from: next-env.d.ts (only 0 chars)
src_app_page_tsx_8450df25._.js: Insufficient text extracted from: src_app_page_tsx_8450df25._.js (only 0 chars)
next.config.ts: Insufficient text extracted from: next.config.ts (only 0 chars)
transform.js: Insufficient text extracted from: transform.js (only 0 chars)
page.tsx: Insufficient text extracted from: page.tsx (only 0 chars)
node_modules_next_dist_c336f25b._.js: Insufficient text extracted from: node_modules_next_dist_c336f25b._.js (only 0 chars)
layout.tsx: Insufficient text extracted from: layout.tsx (only 0 chars)
DashboardContent.tsx: Insufficient text extracted from: DashboardContent.tsx (only 0 chars)
FloatingPanel.tsx: Insufficient text extracted from: FloatingPanel.tsx (only 0 chars)
MacMiniConfigurator.tsx: Insufficient text extracted from: MacMiniConfigurator.tsx (only 0 chars)
src_7705120f._.js: Insufficient text extracted from: src_7705120f._.js (only 0 chars)
card.tsx: Insufficient text extracted from: card.tsx (only 0 chars)
button.tsx: Insufficient text extracted from: button.tsx (only 0 chars)
DAGView.tsx: Insufficient text extracted from: DAGView.tsx (only 0 chars)
src_11c0f124._.js: Insufficient text extracted from: src_11c0f124._.js (only 0 chars)
RawView.tsx: Insufficient text extracted from: RawView.tsx (only 0 chars)
AnalysisView.tsx: Insufficient text extracted from: AnalysisView.tsx (only 0 chars)
[root-of-the-server]__527cd323._.js: Insufficient text extracted from: [root-of-the-server]__527cd323._.js (only 0 chars)
TreeNode.tsx: Insufficient text extracted from: TreeNode.tsx (only 0 chars)
PortStatus.tsx: Insufficient text extracted from: PortStatus.tsx (only 0 chars)
TreeView.tsx: Insufficient text extracted from: TreeView.tsx (only 0 chars)
MacMiniContext.tsx: Insufficient text extracted from: MacMiniContext.tsx (only 0 chars)
useDraggablePanel.ts: Insufficient text extracted from: useDraggablePanel.ts (only 0 chars)
utils.ts: Insufficient text extracted from: utils.ts (only 0 chars)
node_modules_react-dom_82bb97c6._.js: Insufficient text extracted from: node_modules_react-dom_82bb97c6._.js (only 0 chars)
node_modules_89acfc2d._.js: Insufficient text extracted from: node_modules_89acfc2d._.js (only 0 chars)
MacMini.ts: Insufficient text extracted from: MacMini.ts (only 0 chars)
PortSnapshot.ts: Insufficient text extracted from: PortSnapshot.ts (only 0 chars)
HoveredPort.ts: Insufficient text extracted from: HoveredPort.ts (only 0 chars)
react-d3-graph.d.ts: Insufficient text extracted from: react-d3-graph.d.ts (only 0 chars)
react-force-graph.d.ts: Insufficient text extracted from: react-force-graph.d.ts (only 0 chars)
node_modules_next_dist_compiled_2ce9398a._.js: Insufficient text extracted from: node_modules_next_dist_compiled_2ce9398a._.js (only 0 chars)
node_modules_next_dist_client_8f19e6fb._.js: Insufficient text extracted from: node_modules_next_dist_client_8f19e6fb._.js (only 0 chars)
